
> @0xlimao/n8n-nodes-ethereum@0.2.0 test
> vitest tests/n8n.test.ts


[1m[44m DEV [49m[22m [34mv4.0.16 [39m[90m/Users/flyinglimao/Code/n8n-ethereum[39m



============================================================
Running Vitest Global Setup
============================================================
✓ n8n is running
✓ Hardhat node is running
============================================================
n8n Test Environment Setup
============================================================
Deleting existing workflows...
  Deleted workflow: Keccak256
  Deleted workflow: Contract Read
  Deleted workflow: Format Units
  Deleted workflow: Get Transaction Receipt
  Deleted workflow: ERC721 Get Balance
  Deleted workflow: Get Block Number
  Deleted workflow: Validate Address
  Deleted workflow: Get Current Address
  Deleted workflow: Get Gas Price
  Deleted workflow: Estimate Gas
  Deleted workflow: ERC20 Get Balance
  Deleted workflow: Get Chain ID
  Deleted workflow: ERC1155 Balance Of
  Deleted workflow: Get Block
  Deleted workflow: Custom RPC Request
  Deleted workflow: Transaction Trigger
  Deleted workflow: ERC20 Get Token Info
  Deleted workflow: ERC721 Owner Of
  Deleted workflow: Parse Units
  Deleted workflow: Contract Event Trigger
  Deleted workflow: Get Balance
  Deleted workflow: Get Fee History
  Deleted workflow: Get Code
  Deleted workflow: ERC1155 URI
  Deleted workflow: Get Transaction Count
  Deleted workflow: Contract Get Logs
  Deleted workflow: Block Trigger
  Deleted workflow: ERC20 Get Allowance
  Deleted workflow: ERC721 Token URI
  Deleted workflow: Get Transaction
  Deleted workflow: Estimate Max Priority Fee
Skipping credential deletion (n8n Community Edition limitation)...
  Note: Credentials will be created fresh. Duplicates may be rejected.

Creating credentials...
  Created credential: Ethereum Account (ethereum-account -> EN5EmpuSBUWFNewn)
  Created credential: Ethereum RPC (ethereum-rpc -> 344wNLn8HeftUPyn)

Importing workflows...
  Imported workflow: Block Trigger (id: SIbeqJNxA6j0k6DC)
  Imported workflow: Contract Event Trigger (id: T8Vl1iEpWKdUn5em)
  Imported workflow: Contract Get Logs (id: vZaBgfZ54leRHpt5)
  Imported workflow: Contract Read (id: f1LDgLTp2hu8md1K)
  Imported workflow: Custom RPC Request (id: FVjXDorXArD4uUWc)
  Imported workflow: ERC1155 Balance Of (id: IsdfnFhC5JeJHDbC)
  Imported workflow: ERC1155 URI (id: SKT8PfNz23xrRMsK)
  Imported workflow: ERC20 Get Allowance (id: O38AttM6GXT1CijU)
  Imported workflow: ERC20 Get Balance (id: I7qKDlr1vaHlmHTS)
  Imported workflow: ERC20 Get Token Info (id: b40EfPfd8k0sQ91y)
  Imported workflow: ERC721 Get Balance (id: ZfAYkapoduJkgDs5)
  Imported workflow: ERC721 Owner Of (id: cExo9b9SxnrORG5X)
  Imported workflow: ERC721 Token URI (id: QIQSWpfZiC2Sx7mV)
  Imported workflow: Estimate Gas (id: ReolT8N6wBJ8Wsvp)
  Imported workflow: Estimate Max Priority Fee (id: Tiy8HEqC5ytwwURf)
  Imported workflow: Format Units (id: ISUljTarRB67yYXh)
  Imported workflow: Get Balance (id: bHVjygH73mf3jRxc)
  Imported workflow: Get Block Number (id: VkmHZfFy1YcS145m)
  Imported workflow: Get Block (id: gDhyxYt5HHcIPsOX)
  Imported workflow: Get Chain ID (id: 6x710mXUwVzonJod)
  Imported workflow: Get Code (id: j7I5BylWc42IPiEt)
  Imported workflow: Get Current Address (id: x6xfuz4fpwG98tvc)
  Imported workflow: Get Fee History (id: tQqmiL0BrHqIa9sj)
  Imported workflow: Get Gas Price (id: rlCN5RynkkFnjGlP)
  Imported workflow: Get Transaction Count (id: 35sfXYdl2SsNflnj)
  Imported workflow: Get Transaction Receipt (id: WPt0VKJnWrsDb9M8)
  Imported workflow: Get Transaction (id: 91uBTV3jZzFWQTug)
  Imported workflow: Keccak256 (id: x9j9KurrYMo7dyC6)
  Imported workflow: Parse Units (id: FrWk8WSpbItxfxbz)
  Imported workflow: Transaction Trigger (id: G6QRKNsf9d6KNgo8)
  Imported workflow: Validate Address (id: x1s4eATd9zwZViYs)

Activating all workflows...
  Activated: Block Trigger
  Activated: Contract Event Trigger
  Activated: Contract Get Logs
  Activated: Contract Read
  Activated: Custom RPC Request
  Activated: ERC1155 Balance Of
  Activated: ERC1155 URI
  Activated: ERC20 Get Allowance
  Activated: ERC20 Get Balance
  Activated: ERC20 Get Token Info
  Activated: ERC721 Get Balance
  Activated: ERC721 Owner Of
  Activated: ERC721 Token URI
  Activated: Estimate Gas
  Activated: Estimate Max Priority Fee
  Activated: Format Units
  Activated: Get Balance
  Activated: Get Block Number
  Activated: Get Block
  Activated: Get Chain ID
  Activated: Get Code
  Activated: Get Current Address
  Activated: Get Fee History
  Activated: Get Gas Price
  Activated: Get Transaction Count
  Activated: Get Transaction Receipt
  Activated: Get Transaction
  Activated: Keccak256
  Activated: Parse Units
  Activated: Transaction Trigger
  Activated: Validate Address

============================================================
Setup completed successfully!
============================================================

Credential ID mappings:
  ethereum-account -> EN5EmpuSBUWFNewn
  ethereum-rpc -> 344wNLn8HeftUPyn

Workflow ID mappings:
  Block Trigger: SIbeqJNxA6j0k6DC
  Contract Event Trigger: T8Vl1iEpWKdUn5em
  Contract Get Logs: vZaBgfZ54leRHpt5
  Contract Read: f1LDgLTp2hu8md1K
  Custom RPC Request: FVjXDorXArD4uUWc
  ERC1155 Balance Of: IsdfnFhC5JeJHDbC
  ERC1155 URI: SKT8PfNz23xrRMsK
  ERC20 Get Allowance: O38AttM6GXT1CijU
  ERC20 Get Balance: I7qKDlr1vaHlmHTS
  ERC20 Get Token Info: b40EfPfd8k0sQ91y
  ERC721 Get Balance: ZfAYkapoduJkgDs5
  ERC721 Owner Of: cExo9b9SxnrORG5X
  ERC721 Token URI: QIQSWpfZiC2Sx7mV
  Estimate Gas: ReolT8N6wBJ8Wsvp
  Estimate Max Priority Fee: Tiy8HEqC5ytwwURf
  Format Units: ISUljTarRB67yYXh
  Get Balance: bHVjygH73mf3jRxc
  Get Block Number: VkmHZfFy1YcS145m
  Get Block: gDhyxYt5HHcIPsOX
  Get Chain ID: 6x710mXUwVzonJod
  Get Code: j7I5BylWc42IPiEt
  Get Current Address: x6xfuz4fpwG98tvc
  Get Fee History: tQqmiL0BrHqIa9sj
  Get Gas Price: rlCN5RynkkFnjGlP
  Get Transaction Count: 35sfXYdl2SsNflnj
  Get Transaction Receipt: WPt0VKJnWrsDb9M8
  Get Transaction: 91uBTV3jZzFWQTug
  Keccak256: x9j9KurrYMo7dyC6
  Parse Units: FrWk8WSpbItxfxbz
  Transaction Trigger: G6QRKNsf9d6KNgo8
  Validate Address: x1s4eATd9zwZViYs
 [31m❯[39m tests/n8n.test.ts [2m([22m[2m33 tests[22m[2m | [22m[31m16 failed[39m[2m | [22m[33m3 skipped[39m[2m)[22m[33m 60293[2mms[22m[39m
[31m       [31m×[31m should return the balance of an address[39m[32m 28[2mms[22m[39m
[31m       [31m×[31m should return the nonce of an address[39m[32m 9[2mms[22m[39m
[31m       [31m×[31m should return bytecode for contract address[39m[32m 8[2mms[22m[39m
       [32m✓[39m should return the current wallet address[32m 22[2mms[22m[39m
       [32m✓[39m should return block data[32m 17[2mms[22m[39m
       [32m✓[39m should return the latest block number[32m 10[2mms[22m[39m
[31m       [31m×[31m should return transaction data[39m[32m 11[2mms[22m[39m
[31m       [31m×[31m should return transaction receipt[39m[32m 10[2mms[22m[39m
[31m       [31m×[31m should estimate gas for a transaction[39m[32m 8[2mms[22m[39m
[31m       [31m×[31m should read data from a contract[39m[32m 8[2mms[22m[39m
       [32m✓[39m should get logs from a contract[32m 8[2mms[22m[39m
[31m       [31m×[31m should return ERC20 token balance[39m[32m 11[2mms[22m[39m
[31m       [31m×[31m should return ERC20 token information[39m[32m 10[2mms[22m[39m
[31m       [31m×[31m should return ERC20 allowance[39m[32m 7[2mms[22m[39m
[31m       [31m×[31m should return ERC721 NFT balance[39m[32m 8[2mms[22m[39m
[31m       [31m×[31m should return owner of NFT token[39m[32m 8[2mms[22m[39m
[31m       [31m×[31m should return NFT token URI[39m[32m 7[2mms[22m[39m
[31m       [31m×[31m should return ERC1155 token balance[39m[32m 7[2mms[22m[39m
[31m       [31m×[31m should return ERC1155 token URI[39m[32m 8[2mms[22m[39m
       [32m✓[39m should return current gas price[32m 6[2mms[22m[39m
       [32m✓[39m should return fee history[32m 8[2mms[22m[39m
       [32m✓[39m should estimate max priority fee[32m 12[2mms[22m[39m
       [32m✓[39m should format wei to decimal[32m 10[2mms[22m[39m
       [32m✓[39m should parse decimal to wei[32m 6[2mms[22m[39m
[31m       [31m×[31m should validate Ethereum address[39m[32m 6[2mms[22m[39m
       [32m✓[39m should return chain ID[32m 7[2mms[22m[39m
       [32m✓[39m should hash data with keccak256[32m 5[2mms[22m[39m
       [32m✓[39m should execute custom RPC request[32m 12[2mms[22m[39m
       [2m[90m↓[39m[22m should receive new block events
       [2m[90m↓[39m[22m should receive contract events when triggered
       [2m[90m↓[39m[22m should receive transaction events
     [32m✓[39m should have valid JSON workflow files[32m 10[2mms[22m[39m
     [32m✓[39m should have all required workflow files[32m 1[2mms[22m[39m

[31m⎯⎯⎯⎯⎯⎯[39m[1m[41m Failed Suites 1 [49m[22m[31m⎯⎯⎯⎯⎯⎯⎯[39m

[41m[1m FAIL [22m[49m tests/n8n.test.ts[2m > [22mTrigger Nodes
[31m[1mError[22m: Hook timed out in 60000ms.
If this is a long-running hook, pass a timeout value as the last argument or configure it globally with "hookTimeout".[39m
[36m [2m❯[22m tests/n8n.test.ts:[2m472:3[22m[39m
    [90m470| [39m  [35mlet[39m receivedEvents[33m:[39m unknown[] [33m=[39m [][33m;[39m
    [90m471| [39m
    [90m472| [39m  [34mbeforeAll[39m([35masync[39m () [33m=>[39m {
    [90m   | [39m  [31m^[39m
    [90m473| [39m    [90m// Create a server to receive trigger events[39m
    [90m474| [39m    server [33m=[39m [34mcreateServer[39m((req[33m,[39m res) [33m=>[39m {

[31m[2m⎯⎯⎯⎯⎯⎯⎯⎯⎯⎯⎯⎯⎯⎯⎯⎯⎯⎯⎯⎯⎯⎯⎯[1/17]⎯[22m[39m


[31m⎯⎯⎯⎯⎯⎯[39m[1m[41m Failed Tests 16 [49m[22m[31m⎯⎯⎯⎯⎯⎯⎯[39m

[41m[1m FAIL [22m[49m tests/n8n.test.ts[2m > [22mAccount Resource[2m > [22mGet Balance[2m > [22mshould return the balance of an address
[31m[1mAssertionError[22m: expected { …(3) } to have property "balanceInEth"[39m
[36m [2m❯[22m tests/n8n.test.ts:[2m73:22[22m[39m
    [90m 71| [39m      [35mconst[39m result [33m=[39m [35mawait[39m response[33m.[39m[34mjson[39m()[33m;[39m
    [90m 72| [39m      [34mexpect[39m(result)[33m.[39m[34mtoHaveProperty[39m([32m"balance"[39m)[33m;[39m
    [90m 73| [39m      [34mexpect[39m(result)[33m.[39m[34mtoHaveProperty[39m([32m"balanceInEth"[39m)[33m;[39m
    [90m   | [39m                     [31m^[39m
    [90m 74| [39m      [34mexpect[39m([35mtypeof[39m result[33m.[39mbalance)[33m.[39m[34mtoBe[39m([32m"string"[39m)[33m;[39m
    [90m 75| [39m      [34mexpect[39m([35mtypeof[39m result[33m.[39mbalanceInEth)[33m.[39m[34mtoBe[39m([32m"string"[39m)[33m;[39m

[31m[2m⎯⎯⎯⎯⎯⎯⎯⎯⎯⎯⎯⎯⎯⎯⎯⎯⎯⎯⎯⎯⎯⎯⎯[2/17]⎯[22m[39m

[41m[1m FAIL [22m[49m tests/n8n.test.ts[2m > [22mAccount Resource[2m > [22mGet Transaction Count[2m > [22mshould return the nonce of an address
[31m[1mAssertionError[22m: expected 'number' to be 'string' // Object.is equality[39m

Expected: [32m"string"[39m
Received: [31m"number"[39m

[36m [2m❯[22m tests/n8n.test.ts:[2m87:46[22m[39m
    [90m 85| [39m      [35mconst[39m result [33m=[39m [35mawait[39m response[33m.[39m[34mjson[39m()[33m;[39m
    [90m 86| [39m      [34mexpect[39m(result)[33m.[39m[34mtoHaveProperty[39m([32m"transactionCount"[39m)[33m;[39m
    [90m 87| [39m      [34mexpect[39m([35mtypeof[39m result[33m.[39mtransactionCount)[33m.[39m[34mtoBe[39m([32m"string"[39m)[33m;[39m
    [90m   | [39m                                             [31m^[39m
    [90m 88| [39m    })[33m;[39m
    [90m 89| [39m  })[33m;[39m

[31m[2m⎯⎯⎯⎯⎯⎯⎯⎯⎯⎯⎯⎯⎯⎯⎯⎯⎯⎯⎯⎯⎯⎯⎯[3/17]⎯[22m[39m

[41m[1m FAIL [22m[49m tests/n8n.test.ts[2m > [22mAccount Resource[2m > [22mGet Code[2m > [22mshould return bytecode for contract address
[31m[1mAssertionError[22m: expected { …(2) } to have property "isContract"[39m
[36m [2m❯[22m tests/n8n.test.ts:[2m99:22[22m[39m
    [90m 97| [39m      [35mconst[39m result [33m=[39m [35mawait[39m response[33m.[39m[34mjson[39m()[33m;[39m
    [90m 98| [39m      [34mexpect[39m(result)[33m.[39m[34mtoHaveProperty[39m([32m"code"[39m)[33m;[39m
    [90m 99| [39m      [34mexpect[39m(result)[33m.[39m[34mtoHaveProperty[39m([32m"isContract"[39m)[33m;[39m
    [90m   | [39m                     [31m^[39m
    [90m100| [39m      [34mexpect[39m([35mtypeof[39m result[33m.[39mcode)[33m.[39m[34mtoBe[39m([32m"string"[39m)[33m;[39m
    [90m101| [39m      [34mexpect[39m([35mtypeof[39m result[33m.[39misContract)[33m.[39m[34mtoBe[39m([32m"boolean"[39m)[33m;[39m

[31m[2m⎯⎯⎯⎯⎯⎯⎯⎯⎯⎯⎯⎯⎯⎯⎯⎯⎯⎯⎯⎯⎯⎯⎯[4/17]⎯[22m[39m

[41m[1m FAIL [22m[49m tests/n8n.test.ts[2m > [22mTransaction Resource[2m > [22mGet Transaction[2m > [22mshould return transaction data
[41m[1m FAIL [22m[49m tests/n8n.test.ts[2m > [22mTransaction Resource[2m > [22mGet Transaction Receipt[2m > [22mshould return transaction receipt
[41m[1m FAIL [22m[49m tests/n8n.test.ts[2m > [22mContract Resource[2m > [22mContract Read[2m > [22mshould read data from a contract
[41m[1m FAIL [22m[49m tests/n8n.test.ts[2m > [22mERC20 Resource[2m > [22mGet Balance[2m > [22mshould return ERC20 token balance
[41m[1m FAIL [22m[49m tests/n8n.test.ts[2m > [22mERC20 Resource[2m > [22mGet Token Info[2m > [22mshould return ERC20 token information
[41m[1m FAIL [22m[49m tests/n8n.test.ts[2m > [22mERC20 Resource[2m > [22mGet Allowance[2m > [22mshould return ERC20 allowance
[41m[1m FAIL [22m[49m tests/n8n.test.ts[2m > [22mERC721 Resource[2m > [22mGet Balance[2m > [22mshould return ERC721 NFT balance
[41m[1m FAIL [22m[49m tests/n8n.test.ts[2m > [22mERC721 Resource[2m > [22mOwner Of[2m > [22mshould return owner of NFT token
[41m[1m FAIL [22m[49m tests/n8n.test.ts[2m > [22mERC721 Resource[2m > [22mToken URI[2m > [22mshould return NFT token URI
[41m[1m FAIL [22m[49m tests/n8n.test.ts[2m > [22mERC1155 Resource[2m > [22mBalance Of[2m > [22mshould return ERC1155 token balance
[41m[1m FAIL [22m[49m tests/n8n.test.ts[2m > [22mERC1155 Resource[2m > [22mURI[2m > [22mshould return ERC1155 token URI
[31m[1mSyntaxError[22m: Unexpected end of JSON input[39m
[31m[2m⎯⎯⎯⎯⎯⎯⎯⎯⎯⎯⎯⎯⎯⎯⎯⎯⎯⎯⎯⎯⎯⎯⎯[5/17]⎯[22m[39m

[41m[1m FAIL [22m[49m tests/n8n.test.ts[2m > [22mTransaction Resource[2m > [22mEstimate Gas[2m > [22mshould estimate gas for a transaction
[31m[1mAssertionError[22m: expected { gas: '21001' } to have property "estimatedGas"[39m
[36m [2m❯[22m tests/n8n.test.ts:[2m194:22[22m[39m
    [90m192| [39m
    [90m193| [39m      [35mconst[39m result [33m=[39m [35mawait[39m response[33m.[39m[34mjson[39m()[33m;[39m
    [90m194| [39m      [34mexpect[39m(result)[33m.[39m[34mtoHaveProperty[39m([32m"estimatedGas"[39m)[33m;[39m
    [90m   | [39m                     [31m^[39m
    [90m195| [39m      [34mexpect[39m([35mtypeof[39m result[33m.[39mestimatedGas)[33m.[39m[34mtoBe[39m([32m"string"[39m)[33m;[39m
    [90m196| [39m    })[33m;[39m

[31m[2m⎯⎯⎯⎯⎯⎯⎯⎯⎯⎯⎯⎯⎯⎯⎯⎯⎯⎯⎯⎯⎯⎯⎯[6/17]⎯[22m[39m

[41m[1m FAIL [22m[49m tests/n8n.test.ts[2m > [22mUtils Resource[2m > [22mValidate Address[2m > [22mshould validate Ethereum address
[31m[1mAssertionError[22m: expected { …(2) } to have property "isValid"[39m
[36m [2m❯[22m tests/n8n.test.ts:[2m418:22[22m[39m
    [90m416| [39m
    [90m417| [39m      [35mconst[39m result [33m=[39m [35mawait[39m response[33m.[39m[34mjson[39m()[33m;[39m
    [90m418| [39m      [34mexpect[39m(result)[33m.[39m[34mtoHaveProperty[39m([32m"isValid"[39m)[33m;[39m
    [90m   | [39m                     [31m^[39m
    [90m419| [39m      [34mexpect[39m(result[33m.[39misValid)[33m.[39m[34mtoBe[39m([35mtrue[39m)[33m;[39m
    [90m420| [39m    })[33m;[39m

[31m[2m⎯⎯⎯⎯⎯⎯⎯⎯⎯⎯⎯⎯⎯⎯⎯⎯⎯⎯⎯⎯⎯⎯⎯[7/17]⎯[22m[39m

[31m⎯⎯⎯⎯⎯⎯[39m[1m[41m Unhandled Errors [49m[22m[31m⎯⎯⎯⎯⎯⎯[39m
[31m[1m
Vitest caught 1 unhandled error during the test run.
This might cause false positive tests. Resolve unhandled errors to make sure your tests are not affected.[22m[39m

[31m⎯⎯⎯⎯⎯[39m[1m[41m Uncaught Exception [49m[22m[31m⎯⎯⎯⎯⎯[39m
[31m[1mError[22m: listen EADDRINUSE: address already in use :::3333[39m
[90m [2m❯[22m Server.setupListenHandle [as _listen2] node:net:[2m1940:16[22m[39m
[90m [2m❯[22m listenInCluster node:net:[2m1997:12[22m[39m
[90m [2m❯[22m Server.listen node:net:[2m2102:7[22m[39m
[36m [2m❯[22m tests/n8n.test.ts:[2m489:14[22m[39m
    [90m487| [39m
    [90m488| [39m    [35mawait[39m [35mnew[39m [33mPromise[39m[33m<[39m[35mvoid[39m[33m>[39m((resolve) [33m=>[39m
    [90m489| [39m      server[33m.[39m[34mlisten[39m([33mTEST_SERVER_PORT[39m[33m,[39m resolve)
    [90m   | [39m             [31m^[39m
    [90m490| [39m    )[33m;[39m
    [90m491| [39m  })[33m;[39m
[90m [2m❯[22m tests/n8n.test.ts:[2m488:11[22m[39m
[90m [2m❯[22m node_modules/@vitest/runner/dist/index.js:[2m1243:20[22m[39m
[90m [2m❯[22m runWithTimeout node_modules/@vitest/runner/dist/index.js:[2m1209:10[22m[39m
[90m [2m❯[22m runHook node_modules/@vitest/runner/dist/index.js:[2m1514:51[22m[39m

[31m[2m⎯⎯⎯⎯⎯⎯⎯⎯⎯⎯⎯⎯⎯⎯⎯⎯⎯⎯⎯⎯⎯⎯⎯⎯⎯⎯⎯⎯⎯⎯[22m[39m
[31m[1mSerialized Error:[22m[39m [90m{ code: 'EADDRINUSE', errno: -48, syscall: 'listen', address: '::', port: 3333 }[39m
[31mThis error originated in "[1mtests/n8n.test.ts[22m" test file. It doesn't mean the error was thrown inside the file itself, but while it was running.[39m
[31m⎯⎯⎯⎯⎯⎯⎯⎯⎯⎯⎯⎯⎯⎯⎯⎯⎯⎯⎯⎯⎯⎯⎯⎯⎯⎯⎯⎯⎯⎯[39m


[2m Test Files [22m [1m[31m1 failed[39m[22m[90m (1)[39m
[2m      Tests [22m [1m[31m16 failed[39m[22m[2m | [22m[1m[32m14 passed[39m[22m[2m | [22m[33m3 skipped[39m[90m (33)[39m
[2m     Errors [22m [1m[31m1 error[39m[22m
[2m   Start at [22m 00:55:10
[2m   Duration [22m 61.49s[2m (transform 18ms, setup 0ms, import 49ms, tests 60.29s, environment 0ms)[22m

[1m[41m FAIL [49m[22m [31mTests failed. Watching for file changes...[39m
       [2mpress [22m[1mh[22m[2m to show help[22m[2m, [22m[2mpress [22m[1mq[22m[2m to quit[22m
c[3J[1m[44m RERUN [49m[22m [34m[2mpackage.json [22m[34mx1 [34m[39m
       [2m Filename pattern: [22m[34mtests/n8n.test.ts[39m

node:internal/modules/package_json_reader:189
  const result = modulesBinding.readPackageJSON(nearestParentPackageJSON);
                                ^

Error: Invalid package config /Users/flyinglimao/Code/n8n-ethereum/package.json.
    at Object.getNearestParentPackageJSON (node:internal/modules/package_json_reader:189:33)
    at trySelf (node:internal/modules/cjs/loader:627:33)
    at Module._resolveFilename (node:internal/modules/cjs/loader:1396:24)
    at defaultResolveImpl (node:internal/modules/cjs/loader:1058:19)
    at resolveForCJSWithHooks (node:internal/modules/cjs/loader:1063:22)
    at Module._load (node:internal/modules/cjs/loader:1226:37)
    at TracingChannel.traceSync (node:diagnostics_channel:328:14)
    at wrapModuleLoad (node:internal/modules/cjs/loader:245:24)
    at Module.require (node:internal/modules/cjs/loader:1503:12)
    at Module._preloadModules (node:internal/modules/cjs/loader:2045:12) {
  code: 'ERR_INVALID_PACKAGE_CONFIG'
}

Node.js v25.2.1

[31m⎯⎯⎯⎯⎯⎯[39m[1m[41m Failed Suites 1 [49m[22m[31m⎯⎯⎯⎯⎯⎯⎯[39m

[41m[1m FAIL [22m[49m tests/n8n.test.ts[2m > [22mTrigger Nodes
[31m[1mError[22m: Hook timed out in 60000ms.
If this is a long-running hook, pass a timeout value as the last argument or configure it globally with "hookTimeout".[39m
[36m [2m❯[22m tests/n8n.test.ts:[2m472:3[22m[39m
    [90m470| [39m  [35mlet[39m receivedEvents[33m:[39m unknown[] [33m=[39m [][33m;[39m
    [90m471| [39m
    [90m472| [39m  [34mbeforeAll[39m([35masync[39m () [33m=>[39m {
    [90m   | [39m  [31m^[39m
    [90m473| [39m    [90m// Create a server to receive trigger events[39m
    [90m474| [39m    server [33m=[39m [34mcreateServer[39m((req[33m,[39m res) [33m=>[39m {

[31m[2m⎯⎯⎯⎯⎯⎯⎯⎯⎯⎯⎯⎯⎯⎯⎯⎯⎯⎯⎯⎯⎯⎯⎯[1/17]⎯[22m[39m


[31m⎯⎯⎯⎯⎯⎯[39m[1m[41m Failed Tests 16 [49m[22m[31m⎯⎯⎯⎯⎯⎯⎯[39m

[41m[1m FAIL [22m[49m tests/n8n.test.ts[2m > [22mAccount Resource[2m > [22mGet Balance[2m > [22mshould return the balance of an address
[31m[1mAssertionError[22m: expected { …(3) } to have property "balanceInEth"[39m
[36m [2m❯[22m tests/n8n.test.ts:[2m73:22[22m[39m
    [90m 71| [39m      [35mconst[39m result [33m=[39m [35mawait[39m response[33m.[39m[34mjson[39m()[33m;[39m
    [90m 72| [39m      [34mexpect[39m(result)[33m.[39m[34mtoHaveProperty[39m([32m"balance"[39m)[33m;[39m
    [90m 73| [39m      [34mexpect[39m(result)[33m.[39m[34mtoHaveProperty[39m([32m"balanceInEth"[39m)[33m;[39m
    [90m   | [39m                     [31m^[39m
    [90m 74| [39m      [34mexpect[39m([35mtypeof[39m result[33m.[39mbalance)[33m.[39m[34mtoBe[39m([32m"string"[39m)[33m;[39m
    [90m 75| [39m      [34mexpect[39m([35mtypeof[39m result[33m.[39mbalanceInEth)[33m.[39m[34mtoBe[39m([32m"string"[39m)[33m;[39m

[31m[2m⎯⎯⎯⎯⎯⎯⎯⎯⎯⎯⎯⎯⎯⎯⎯⎯⎯⎯⎯⎯⎯⎯⎯[2/17]⎯[22m[39m

[41m[1m FAIL [22m[49m tests/n8n.test.ts[2m > [22mAccount Resource[2m > [22mGet Transaction Count[2m > [22mshould return the nonce of an address
[31m[1mAssertionError[22m: expected 'number' to be 'string' // Object.is equality[39m

Expected: [32m"string"[39m
Received: [31m"number"[39m

[36m [2m❯[22m tests/n8n.test.ts:[2m87:46[22m[39m
    [90m 85| [39m      [35mconst[39m result [33m=[39m [35mawait[39m response[33m.[39m[34mjson[39m()[33m;[39m
    [90m 86| [39m      [34mexpect[39m(result)[33m.[39m[34mtoHaveProperty[39m([32m"transactionCount"[39m)[33m;[39m
    [90m 87| [39m      [34mexpect[39m([35mtypeof[39m result[33m.[39mtransactionCount)[33m.[39m[34mtoBe[39m([32m"string"[39m)[33m;[39m
    [90m   | [39m                                             [31m^[39m
    [90m 88| [39m    })[33m;[39m
    [90m 89| [39m  })[33m;[39m

[31m[2m⎯⎯⎯⎯⎯⎯⎯⎯⎯⎯⎯⎯⎯⎯⎯⎯⎯⎯⎯⎯⎯⎯⎯[3/17]⎯[22m[39m

[41m[1m FAIL [22m[49m tests/n8n.test.ts[2m > [22mAccount Resource[2m > [22mGet Code[2m > [22mshould return bytecode for contract address
[31m[1mAssertionError[22m: expected { …(2) } to have property "isContract"[39m
[36m [2m❯[22m tests/n8n.test.ts:[2m99:22[22m[39m
    [90m 97| [39m      [35mconst[39m result [33m=[39m [35mawait[39m response[33m.[39m[34mjson[39m()[33m;[39m
    [90m 98| [39m      [34mexpect[39m(result)[33m.[39m[34mtoHaveProperty[39m([32m"code"[39m)[33m;[39m
    [90m 99| [39m      [34mexpect[39m(result)[33m.[39m[34mtoHaveProperty[39m([32m"isContract"[39m)[33m;[39m
    [90m   | [39m                     [31m^[39m
    [90m100| [39m      [34mexpect[39m([35mtypeof[39m result[33m.[39mcode)[33m.[39m[34mtoBe[39m([32m"string"[39m)[33m;[39m
    [90m101| [39m      [34mexpect[39m([35mtypeof[39m result[33m.[39misContract)[33m.[39m[34mtoBe[39m([32m"boolean"[39m)[33m;[39m

[31m[2m⎯⎯⎯⎯⎯⎯⎯⎯⎯⎯⎯⎯⎯⎯⎯⎯⎯⎯⎯⎯⎯⎯⎯[4/17]⎯[22m[39m

[41m[1m FAIL [22m[49m tests/n8n.test.ts[2m > [22mTransaction Resource[2m > [22mGet Transaction[2m > [22mshould return transaction data
[41m[1m FAIL [22m[49m tests/n8n.test.ts[2m > [22mTransaction Resource[2m > [22mGet Transaction Receipt[2m > [22mshould return transaction receipt
[41m[1m FAIL [22m[49m tests/n8n.test.ts[2m > [22mContract Resource[2m > [22mContract Read[2m > [22mshould read data from a contract
[41m[1m FAIL [22m[49m tests/n8n.test.ts[2m > [22mERC20 Resource[2m > [22mGet Balance[2m > [22mshould return ERC20 token balance
[41m[1m FAIL [22m[49m tests/n8n.test.ts[2m > [22mERC20 Resource[2m > [22mGet Token Info[2m > [22mshould return ERC20 token information
[41m[1m FAIL [22m[49m tests/n8n.test.ts[2m > [22mERC20 Resource[2m > [22mGet Allowance[2m > [22mshould return ERC20 allowance
[41m[1m FAIL [22m[49m tests/n8n.test.ts[2m > [22mERC721 Resource[2m > [22mGet Balance[2m > [22mshould return ERC721 NFT balance
[41m[1m FAIL [22m[49m tests/n8n.test.ts[2m > [22mERC721 Resource[2m > [22mOwner Of[2m > [22mshould return owner of NFT token
[41m[1m FAIL [22m[49m tests/n8n.test.ts[2m > [22mERC721 Resource[2m > [22mToken URI[2m > [22mshould return NFT token URI
[41m[1m FAIL [22m[49m tests/n8n.test.ts[2m > [22mERC1155 Resource[2m > [22mBalance Of[2m > [22mshould return ERC1155 token balance
[41m[1m FAIL [22m[49m tests/n8n.test.ts[2m > [22mERC1155 Resource[2m > [22mURI[2m > [22mshould return ERC1155 token URI
[31m[1mSyntaxError[22m: Unexpected end of JSON input[39m
[31m[2m⎯⎯⎯⎯⎯⎯⎯⎯⎯⎯⎯⎯⎯⎯⎯⎯⎯⎯⎯⎯⎯⎯⎯[5/17]⎯[22m[39m

[41m[1m FAIL [22m[49m tests/n8n.test.ts[2m > [22mTransaction Resource[2m > [22mEstimate Gas[2m > [22mshould estimate gas for a transaction
[31m[1mAssertionError[22m: expected { gas: '21001' } to have property "estimatedGas"[39m
[36m [2m❯[22m tests/n8n.test.ts:[2m194:22[22m[39m
    [90m192| [39m
    [90m193| [39m      [35mconst[39m result [33m=[39m [35mawait[39m response[33m.[39m[34mjson[39m()[33m;[39m
    [90m194| [39m      [34mexpect[39m(result)[33m.[39m[34mtoHaveProperty[39m([32m"estimatedGas"[39m)[33m;[39m
    [90m   | [39m                     [31m^[39m
    [90m195| [39m      [34mexpect[39m([35mtypeof[39m result[33m.[39mestimatedGas)[33m.[39m[34mtoBe[39m([32m"string"[39m)[33m;[39m
    [90m196| [39m    })[33m;[39m

[31m[2m⎯⎯⎯⎯⎯⎯⎯⎯⎯⎯⎯⎯⎯⎯⎯⎯⎯⎯⎯⎯⎯⎯⎯[6/17]⎯[22m[39m

[41m[1m FAIL [22m[49m tests/n8n.test.ts[2m > [22mUtils Resource[2m > [22mValidate Address[2m > [22mshould validate Ethereum address
[31m[1mAssertionError[22m: expected { …(2) } to have property "isValid"[39m
[36m [2m❯[22m tests/n8n.test.ts:[2m418:22[22m[39m
    [90m416| [39m
    [90m417| [39m      [35mconst[39m result [33m=[39m [35mawait[39m response[33m.[39m[34mjson[39m()[33m;[39m
    [90m418| [39m      [34mexpect[39m(result)[33m.[39m[34mtoHaveProperty[39m([32m"isValid"[39m)[33m;[39m
    [90m   | [39m                     [31m^[39m
    [90m419| [39m      [34mexpect[39m(result[33m.[39misValid)[33m.[39m[34mtoBe[39m([35mtrue[39m)[33m;[39m
    [90m420| [39m    })[33m;[39m

[31m[2m⎯⎯⎯⎯⎯⎯⎯⎯⎯⎯⎯⎯⎯⎯⎯⎯⎯⎯⎯⎯⎯⎯⎯[7/17]⎯[22m[39m

[31m⎯⎯⎯⎯⎯⎯[39m[1m[41m Unhandled Errors [49m[22m[31m⎯⎯⎯⎯⎯⎯[39m
[31m[1m
Vitest caught 1 unhandled error during the test run.
This might cause false positive tests. Resolve unhandled errors to make sure your tests are not affected.[22m[39m

[31m⎯⎯⎯⎯⎯⎯[39m[1m[41m Unhandled Error [49m[22m[31m⎯⎯⎯⎯⎯⎯⎯[39m
[31m[1mError[22m: [vitest-pool]: Worker forks emitted error.[39m
[90m [2m❯[22m EventEmitter.<anonymous> node_modules/vitest/dist/chunks/cli-api.BKg19Fvw.js:[2m8015:22[22m[39m
[90m [2m❯[22m EventEmitter.emit node:events:[2m508:28[22m[39m
[90m [2m❯[22m ChildProcess.emitUnexpectedExit node_modules/vitest/dist/chunks/cli-api.BKg19Fvw.js:[2m7588:22[22m[39m
[90m [2m❯[22m ChildProcess.emit node:events:[2m508:28[22m[39m
[90m [2m❯[22m Process.ChildProcess._handle.onexit node:internal/child_process:[2m293:12[22m[39m

[31m[1mCaused by: Error[22m: Worker exited unexpectedly[39m
[90m [2m❯[22m ChildProcess.emitUnexpectedExit node_modules/vitest/dist/chunks/cli-api.BKg19Fvw.js:[2m7587:33[22m[39m
[90m [2m❯[22m ChildProcess.emit node:events:[2m508:28[22m[39m
[90m [2m❯[22m Process.ChildProcess._handle.onexit node:internal/child_process:[2m293:12[22m[39m

[31m⎯⎯⎯⎯⎯⎯⎯⎯⎯⎯⎯⎯⎯⎯⎯⎯⎯⎯⎯⎯⎯⎯⎯⎯⎯⎯⎯⎯⎯⎯[39m


[2m Test Files [22m [1m[31m1 failed[39m[22m[90m (1)[39m
[2m      Tests [22m [1m[31m16 failed[39m[22m[2m | [22m[1m[32m14 passed[39m[22m[2m | [22m[33m3 skipped[39m[90m (33)[39m
[2m     Errors [22m [1m[31m1 error[39m[22m
[2m   Start at [22m 10:00:24
[2m   Duration [22m 60.34s

[1m[41m FAIL [49m[22m [31mTests failed. Watching for file changes...[39m
       [2mpress [22m[1mh[22m[2m to show help[22m[2m, [22m[2mpress [22m[1mq[22m[2m to quit[22m
