
> @0xlimao/n8n-nodes-ethereum@0.2.0 test
> vitest --reporter=verbose tests/n8n.test.ts


[1m[44m DEV [49m[22m [34mv4.0.16 [39m[90m/Users/flyinglimao/Code/n8n-ethereum[39m



============================================================
Running Vitest Global Setup
============================================================
✓ n8n is running
✓ Hardhat node is running
============================================================
n8n Test Environment Setup
============================================================
Deleting existing workflows...
Skipping credential deletion (n8n Community Edition limitation)...
  Note: Credentials will be created fresh. Duplicates may be rejected.

Creating credentials...
  Created credential: Ethereum Account (ethereum-account -> LuLa36zzuSUH0GOM)
  Created credential: Ethereum RPC (ethereum-rpc -> z5ZRGCWpjtfBcUHr)
Deploying test contracts...
Compiling contracts...
No contracts to compile
No Solidity tests to compile
Deploying TestERC20...
  TestERC20 deployed at: 0x5fbdb2315678afecb367f032d93f642f64180aa3
Deploying TestERC721...
  TestERC721 deployed at: 0xe7f1725e7734ce288f8367e1bb143e90bb3f0512
Deploying TestERC1155...
  TestERC1155 deployed at: 0x9fe46736679d2d9a65f0992f2272de9f3c7fa6e0

All contracts deployed successfully!

Importing workflows...
  Imported workflow: Block Trigger (id: RQcwJc9CJj4U0yFz)
  Imported workflow: Contract Event Trigger (id: bNGAj1EgARTu3jb4)
  Imported workflow: Contract Get Logs (id: N0gi8gYIB2EWfJTX)
  Imported workflow: Contract Read (id: zL6azeauqdmlw3Ex)
  Imported workflow: Custom RPC Request (id: HZt0y0g00hUpBi58)
  Imported workflow: ERC1155 Balance Of (id: 3i4sS4AAZWOLwHTH)
  Imported workflow: ERC1155 URI (id: N6QtqFtOpdaZgZ1M)
  Imported workflow: ERC20 Get Allowance (id: OFBCpnYMSYvhlXKc)
  Imported workflow: ERC20 Get Balance (id: 3EdCQMv7HdBxOYPb)
  Imported workflow: ERC20 Get Token Info (id: smBbtuFHDoPY3Udy)
  Imported workflow: ERC721 Get Balance (id: BSpoq4iHbyifW6tq)
  Imported workflow: ERC721 Owner Of (id: 08bftldvUCy53VyM)
  Imported workflow: ERC721 Token URI (id: cnhoWJ8j52EmjGeE)
  Imported workflow: Estimate Gas (id: PMvNJB0YXqDquwCB)
  Imported workflow: Estimate Max Priority Fee (id: dUT1lml89yXry0C5)
  Imported workflow: Format Units (id: 9CrZo5A6j1isYQJe)
  Imported workflow: Get Balance (id: kL5lwljgkxSlybLI)
  Imported workflow: Get Block Number (id: JpMEmGULoBzAYWsj)
  Imported workflow: Get Block (id: jIK63UijCcpZ1iMo)
  Imported workflow: Get Chain ID (id: BFuwfbUISZTqnL2b)
  Imported workflow: Get Code (id: 5R9DOl5iLqq92onu)
  Imported workflow: Get Current Address (id: hQ72Eym83R8BSKJy)
  Imported workflow: Get Fee History (id: 3BmaGHkelx2uvQrv)
  Imported workflow: Get Gas Price (id: zoeEqWDKJknwN4YO)
  Imported workflow: Get Transaction Count (id: JiOVA513KOetA5Bz)
  Imported workflow: Get Transaction Receipt (id: pjgdaiDssRsh2XZI)
  Imported workflow: Get Transaction (id: Jft25dMr0wZQErJV)
  Imported workflow: Keccak256 (id: Q3oKSOi0ddUZ8rWH)
  Imported workflow: Parse Units (id: iA4DVWJMtRPvnw5d)
  Imported workflow: Transaction Trigger (id: dcANtap3Sne5gtir)
  Imported workflow: Validate Address (id: FOAyQkuCEUsp2qGB)

Activating all workflows...
  Activated: Block Trigger
  Activated: Contract Event Trigger
  Activated: Contract Get Logs
  Activated: Contract Read
  Activated: Custom RPC Request
  Activated: ERC1155 Balance Of
  Activated: ERC1155 URI
  Activated: ERC20 Get Allowance
  Activated: ERC20 Get Balance
  Activated: ERC20 Get Token Info
  Activated: ERC721 Get Balance
  Activated: ERC721 Owner Of
  Activated: ERC721 Token URI
  Activated: Estimate Gas
  Activated: Estimate Max Priority Fee
  Activated: Format Units
  Activated: Get Balance
  Activated: Get Block Number
  Activated: Get Block
  Activated: Get Chain ID
  Activated: Get Code
  Activated: Get Current Address
  Activated: Get Fee History
  Activated: Get Gas Price
  Activated: Get Transaction Count
  Activated: Get Transaction Receipt
  Activated: Get Transaction
  Activated: Keccak256
  Activated: Parse Units
  Activated: Transaction Trigger
  Activated: Validate Address

============================================================
Setup completed successfully!
============================================================

Credential ID mappings:
  ethereum-account -> LuLa36zzuSUH0GOM
  ethereum-rpc -> z5ZRGCWpjtfBcUHr

Workflow ID mappings:
  Block Trigger: RQcwJc9CJj4U0yFz
  Contract Event Trigger: bNGAj1EgARTu3jb4
  Contract Get Logs: N0gi8gYIB2EWfJTX
  Contract Read: zL6azeauqdmlw3Ex
  Custom RPC Request: HZt0y0g00hUpBi58
  ERC1155 Balance Of: 3i4sS4AAZWOLwHTH
  ERC1155 URI: N6QtqFtOpdaZgZ1M
  ERC20 Get Allowance: OFBCpnYMSYvhlXKc
  ERC20 Get Balance: 3EdCQMv7HdBxOYPb
  ERC20 Get Token Info: smBbtuFHDoPY3Udy
  ERC721 Get Balance: BSpoq4iHbyifW6tq
  ERC721 Owner Of: 08bftldvUCy53VyM
  ERC721 Token URI: cnhoWJ8j52EmjGeE
  Estimate Gas: PMvNJB0YXqDquwCB
  Estimate Max Priority Fee: dUT1lml89yXry0C5
  Format Units: 9CrZo5A6j1isYQJe
  Get Balance: kL5lwljgkxSlybLI
  Get Block Number: JpMEmGULoBzAYWsj
  Get Block: jIK63UijCcpZ1iMo
  Get Chain ID: BFuwfbUISZTqnL2b
  Get Code: 5R9DOl5iLqq92onu
  Get Current Address: hQ72Eym83R8BSKJy
  Get Fee History: 3BmaGHkelx2uvQrv
  Get Gas Price: zoeEqWDKJknwN4YO
  Get Transaction Count: JiOVA513KOetA5Bz
  Get Transaction Receipt: pjgdaiDssRsh2XZI
  Get Transaction: Jft25dMr0wZQErJV
  Keccak256: Q3oKSOi0ddUZ8rWH
  Parse Units: iA4DVWJMtRPvnw5d
  Transaction Trigger: dcANtap3Sne5gtir
  Validate Address: FOAyQkuCEUsp2qGB
 [32m✓[39m tests/n8n.test.ts[2m > [22mAccount Resource[2m > [22mGet Balance[2m > [22mshould return the balance of an address[32m 48[2mms[22m[39m
 [32m✓[39m tests/n8n.test.ts[2m > [22mAccount Resource[2m > [22mGet Transaction Count[2m > [22mshould return the nonce of an address[32m 10[2mms[22m[39m
 [32m✓[39m tests/n8n.test.ts[2m > [22mAccount Resource[2m > [22mGet Code[2m > [22mshould return bytecode for contract address[32m 12[2mms[22m[39m
 [32m✓[39m tests/n8n.test.ts[2m > [22mAccount Resource[2m > [22mGet Current Address[2m > [22mshould return the current wallet address[32m 64[2mms[22m[39m
 [32m✓[39m tests/n8n.test.ts[2m > [22mBlock Resource[2m > [22mGet Block[2m > [22mshould return block data[32m 16[2mms[22m[39m
 [32m✓[39m tests/n8n.test.ts[2m > [22mBlock Resource[2m > [22mGet Block Number[2m > [22mshould return the latest block number[32m 10[2mms[22m[39m
 [31m×[39m tests/n8n.test.ts[2m > [22mTransaction Resource[2m > [22mGet Transaction[2m > [22mshould return transaction data[32m 19[2mms[22m[39m
[31m   → Unexpected end of JSON input[39m
 [31m×[39m tests/n8n.test.ts[2m > [22mTransaction Resource[2m > [22mGet Transaction Receipt[2m > [22mshould return transaction receipt[32m 11[2mms[22m[39m
[31m   → Unexpected end of JSON input[39m
 [32m✓[39m tests/n8n.test.ts[2m > [22mTransaction Resource[2m > [22mEstimate Gas[2m > [22mshould estimate gas for a transaction[32m 14[2mms[22m[39m
 [31m×[39m tests/n8n.test.ts[2m > [22mContract Resource[2m > [22mContract Read[2m > [22mshould read data from a contract[32m 61[2mms[22m[39m
[31m   → Unexpected end of JSON input[39m
 [32m✓[39m tests/n8n.test.ts[2m > [22mContract Resource[2m > [22mContract Get Logs[2m > [22mshould get logs from a contract[32m 12[2mms[22m[39m
 [31m×[39m tests/n8n.test.ts[2m > [22mERC20 Resource[2m > [22mGet Balance[2m > [22mshould return ERC20 token balance[32m 13[2mms[22m[39m
[31m   → Unexpected end of JSON input[39m
 [31m×[39m tests/n8n.test.ts[2m > [22mERC20 Resource[2m > [22mGet Token Info[2m > [22mshould return ERC20 token information[32m 15[2mms[22m[39m
[31m   → Unexpected end of JSON input[39m
 [31m×[39m tests/n8n.test.ts[2m > [22mERC20 Resource[2m > [22mGet Allowance[2m > [22mshould return ERC20 allowance[32m 11[2mms[22m[39m
[31m   → Unexpected end of JSON input[39m
 [31m×[39m tests/n8n.test.ts[2m > [22mERC721 Resource[2m > [22mGet Balance[2m > [22mshould return ERC721 NFT balance[32m 11[2mms[22m[39m
[31m   → Unexpected end of JSON input[39m
 [31m×[39m tests/n8n.test.ts[2m > [22mERC721 Resource[2m > [22mOwner Of[2m > [22mshould return owner of NFT token[32m 11[2mms[22m[39m
[31m   → Unexpected end of JSON input[39m
 [31m×[39m tests/n8n.test.ts[2m > [22mERC721 Resource[2m > [22mToken URI[2m > [22mshould return NFT token URI[32m 11[2mms[22m[39m
[31m   → Unexpected end of JSON input[39m
 [31m×[39m tests/n8n.test.ts[2m > [22mERC1155 Resource[2m > [22mBalance Of[2m > [22mshould return ERC1155 token balance[32m 9[2mms[22m[39m
[31m   → Unexpected end of JSON input[39m
 [31m×[39m tests/n8n.test.ts[2m > [22mERC1155 Resource[2m > [22mURI[2m > [22mshould return ERC1155 token URI[32m 9[2mms[22m[39m
[31m   → Unexpected end of JSON input[39m
 [32m✓[39m tests/n8n.test.ts[2m > [22mGas Resource[2m > [22mGet Gas Price[2m > [22mshould return current gas price[32m 7[2mms[22m[39m
 [32m✓[39m tests/n8n.test.ts[2m > [22mGas Resource[2m > [22mGet Fee History[2m > [22mshould return fee history[32m 10[2mms[22m[39m
 [32m✓[39m tests/n8n.test.ts[2m > [22mGas Resource[2m > [22mEstimate Max Priority Fee[2m > [22mshould estimate max priority fee[32m 11[2mms[22m[39m
 [32m✓[39m tests/n8n.test.ts[2m > [22mUtils Resource[2m > [22mFormat Units[2m > [22mshould format wei to decimal[32m 6[2mms[22m[39m
 [32m✓[39m tests/n8n.test.ts[2m > [22mUtils Resource[2m > [22mParse Units[2m > [22mshould parse decimal to wei[32m 6[2mms[22m[39m
 [32m✓[39m tests/n8n.test.ts[2m > [22mUtils Resource[2m > [22mValidate Address[2m > [22mshould validate Ethereum address[32m 9[2mms[22m[39m
 [32m✓[39m tests/n8n.test.ts[2m > [22mUtils Resource[2m > [22mGet Chain ID[2m > [22mshould return chain ID[32m 8[2mms[22m[39m
 [32m✓[39m tests/n8n.test.ts[2m > [22mUtils Resource[2m > [22mKeccak256[2m > [22mshould hash data with keccak256[32m 8[2mms[22m[39m
 [32m✓[39m tests/n8n.test.ts[2m > [22mCustom RPC Resource[2m > [22mRequest[2m > [22mshould execute custom RPC request[32m 10[2mms[22m[39m
 [32m✓[39m tests/n8n.test.ts[2m > [22mTrigger Nodes[2m > [22mBlock Trigger[2m > [22mshould receive new block events[33m 15002[2mms[22m[39m
 [32m✓[39m tests/n8n.test.ts[2m > [22mTrigger Nodes[2m > [22mContract Event Trigger[2m > [22mshould receive contract events when triggered[33m 5000[2mms[22m[39m
 [32m✓[39m tests/n8n.test.ts[2m > [22mTrigger Nodes[2m > [22mTransaction Trigger[2m > [22mshould receive transaction events[33m 5001[2mms[22m[39m
 [32m✓[39m tests/n8n.test.ts[2m > [22mWorkflow File Validation[2m > [22mshould have valid JSON workflow files[32m 10[2mms[22m[39m
 [32m✓[39m tests/n8n.test.ts[2m > [22mWorkflow File Validation[2m > [22mshould have all required workflow files[32m 2[2mms[22m[39m

[31m⎯⎯⎯⎯⎯⎯[39m[1m[41m Failed Tests 11 [49m[22m[31m⎯⎯⎯⎯⎯⎯⎯[39m

[41m[1m FAIL [22m[49m tests/n8n.test.ts[2m > [22mTransaction Resource[2m > [22mGet Transaction[2m > [22mshould return transaction data
[31m[1mSyntaxError[22m: Unexpected end of JSON input[39m
[36m [2m❯[22m tests/n8n.test.ts:[2m161:24[22m[39m
    [90m159| [39m      // Transaction might not exist in local network, check for eithe…
    [90m160| [39m      [35mif[39m (response[33m.[39mok) {
    [90m161| [39m        [35mconst[39m result [33m=[39m [35mawait[39m response[33m.[39m[34mjson[39m()[33m;[39m
    [90m   | [39m                       [31m^[39m
    [90m162| [39m        [34mexpect[39m(result)[33m.[39m[34mtoHaveProperty[39m([32m"hash"[39m)[33m;[39m
    [90m163| [39m        [34mexpect[39m(result)[33m.[39m[34mtoHaveProperty[39m([32m"from"[39m)[33m;[39m

[31m[2m⎯⎯⎯⎯⎯⎯⎯⎯⎯⎯⎯⎯⎯⎯⎯⎯⎯⎯⎯⎯⎯⎯⎯[1/11]⎯[22m[39m

[41m[1m FAIL [22m[49m tests/n8n.test.ts[2m > [22mTransaction Resource[2m > [22mGet Transaction Receipt[2m > [22mshould return transaction receipt
[31m[1mSyntaxError[22m: Unexpected end of JSON input[39m
[36m [2m❯[22m tests/n8n.test.ts:[2m177:24[22m[39m
    [90m175| [39m
    [90m176| [39m      [35mif[39m (response[33m.[39mok) {
    [90m177| [39m        [35mconst[39m result [33m=[39m [35mawait[39m response[33m.[39m[34mjson[39m()[33m;[39m
    [90m   | [39m                       [31m^[39m
    [90m178| [39m        [34mexpect[39m(result)[33m.[39m[34mtoHaveProperty[39m([32m"transactionHash"[39m)[33m;[39m
    [90m179| [39m        [34mexpect[39m(result)[33m.[39m[34mtoHaveProperty[39m([32m"status"[39m)[33m;[39m

[31m[2m⎯⎯⎯⎯⎯⎯⎯⎯⎯⎯⎯⎯⎯⎯⎯⎯⎯⎯⎯⎯⎯⎯⎯[2/11]⎯[22m[39m

[41m[1m FAIL [22m[49m tests/n8n.test.ts[2m > [22mContract Resource[2m > [22mContract Read[2m > [22mshould read data from a contract
[31m[1mSyntaxError[22m: Unexpected end of JSON input[39m
[36m [2m❯[22m tests/n8n.test.ts:[2m211:22[22m[39m
    [90m209| [39m      [34mexpect[39m(response[33m.[39mok)[33m.[39m[34mtoBe[39m([35mtrue[39m)[33m;[39m
    [90m210| [39m
    [90m211| [39m      [35mconst[39m result [33m=[39m [35mawait[39m response[33m.[39m[34mjson[39m()[33m;[39m
    [90m   | [39m                     [31m^[39m
    [90m212| [39m      [34mexpect[39m(result)[33m.[39m[34mtoHaveProperty[39m([32m"result"[39m)[33m;[39m
    [90m213| [39m    })[33m;[39m

[31m[2m⎯⎯⎯⎯⎯⎯⎯⎯⎯⎯⎯⎯⎯⎯⎯⎯⎯⎯⎯⎯⎯⎯⎯[3/11]⎯[22m[39m

[41m[1m FAIL [22m[49m tests/n8n.test.ts[2m > [22mERC20 Resource[2m > [22mGet Balance[2m > [22mshould return ERC20 token balance
[31m[1mSyntaxError[22m: Unexpected end of JSON input[39m
[36m [2m❯[22m tests/n8n.test.ts:[2m240:22[22m[39m
    [90m238| [39m      [34mexpect[39m(response[33m.[39mok)[33m.[39m[34mtoBe[39m([35mtrue[39m)[33m;[39m
    [90m239| [39m
    [90m240| [39m      [35mconst[39m result [33m=[39m [35mawait[39m response[33m.[39m[34mjson[39m()[33m;[39m
    [90m   | [39m                     [31m^[39m
    [90m241| [39m      [34mexpect[39m(result)[33m.[39m[34mtoHaveProperty[39m([32m"balance"[39m)[33m;[39m
    [90m242| [39m      [34mexpect[39m(result)[33m.[39m[34mtoHaveProperty[39m([32m"balanceFormatted"[39m)[33m;[39m

[31m[2m⎯⎯⎯⎯⎯⎯⎯⎯⎯⎯⎯⎯⎯⎯⎯⎯⎯⎯⎯⎯⎯⎯⎯[4/11]⎯[22m[39m

[41m[1m FAIL [22m[49m tests/n8n.test.ts[2m > [22mERC20 Resource[2m > [22mGet Token Info[2m > [22mshould return ERC20 token information
[31m[1mSyntaxError[22m: Unexpected end of JSON input[39m
[36m [2m❯[22m tests/n8n.test.ts:[2m252:22[22m[39m
    [90m250| [39m      [34mexpect[39m(response[33m.[39mok)[33m.[39m[34mtoBe[39m([35mtrue[39m)[33m;[39m
    [90m251| [39m
    [90m252| [39m      [35mconst[39m result [33m=[39m [35mawait[39m response[33m.[39m[34mjson[39m()[33m;[39m
    [90m   | [39m                     [31m^[39m
    [90m253| [39m      [34mexpect[39m(result)[33m.[39m[34mtoHaveProperty[39m([32m"name"[39m)[33m;[39m
    [90m254| [39m      [34mexpect[39m(result)[33m.[39m[34mtoHaveProperty[39m([32m"symbol"[39m)[33m;[39m

[31m[2m⎯⎯⎯⎯⎯⎯⎯⎯⎯⎯⎯⎯⎯⎯⎯⎯⎯⎯⎯⎯⎯⎯⎯[5/11]⎯[22m[39m

[41m[1m FAIL [22m[49m tests/n8n.test.ts[2m > [22mERC20 Resource[2m > [22mGet Allowance[2m > [22mshould return ERC20 allowance
[31m[1mSyntaxError[22m: Unexpected end of JSON input[39m
[36m [2m❯[22m tests/n8n.test.ts:[2m266:22[22m[39m
    [90m264| [39m      [34mexpect[39m(response[33m.[39mok)[33m.[39m[34mtoBe[39m([35mtrue[39m)[33m;[39m
    [90m265| [39m
    [90m266| [39m      [35mconst[39m result [33m=[39m [35mawait[39m response[33m.[39m[34mjson[39m()[33m;[39m
    [90m   | [39m                     [31m^[39m
    [90m267| [39m      [34mexpect[39m(result)[33m.[39m[34mtoHaveProperty[39m([32m"allowance"[39m)[33m;[39m
    [90m268| [39m      [34mexpect[39m(result)[33m.[39m[34mtoHaveProperty[39m([32m"allowanceFormatted"[39m)[33m;[39m

[31m[2m⎯⎯⎯⎯⎯⎯⎯⎯⎯⎯⎯⎯⎯⎯⎯⎯⎯⎯⎯⎯⎯⎯⎯[6/11]⎯[22m[39m

[41m[1m FAIL [22m[49m tests/n8n.test.ts[2m > [22mERC721 Resource[2m > [22mGet Balance[2m > [22mshould return ERC721 NFT balance
[31m[1mSyntaxError[22m: Unexpected end of JSON input[39m
[36m [2m❯[22m tests/n8n.test.ts:[2m284:22[22m[39m
    [90m282| [39m      [34mexpect[39m(response[33m.[39mok)[33m.[39m[34mtoBe[39m([35mtrue[39m)[33m;[39m
    [90m283| [39m
    [90m284| [39m      [35mconst[39m result [33m=[39m [35mawait[39m response[33m.[39m[34mjson[39m()[33m;[39m
    [90m   | [39m                     [31m^[39m
    [90m285| [39m      [34mexpect[39m(result)[33m.[39m[34mtoHaveProperty[39m([32m"balance"[39m)[33m;[39m
    [90m286| [39m    })[33m;[39m

[31m[2m⎯⎯⎯⎯⎯⎯⎯⎯⎯⎯⎯⎯⎯⎯⎯⎯⎯⎯⎯⎯⎯⎯⎯[7/11]⎯[22m[39m

[41m[1m FAIL [22m[49m tests/n8n.test.ts[2m > [22mERC721 Resource[2m > [22mOwner Of[2m > [22mshould return owner of NFT token
[31m[1mSyntaxError[22m: Unexpected end of JSON input[39m
[36m [2m❯[22m tests/n8n.test.ts:[2m295:22[22m[39m
    [90m293| [39m      [34mexpect[39m(response[33m.[39mok)[33m.[39m[34mtoBe[39m([35mtrue[39m)[33m;[39m
    [90m294| [39m
    [90m295| [39m      [35mconst[39m result [33m=[39m [35mawait[39m response[33m.[39m[34mjson[39m()[33m;[39m
    [90m   | [39m                     [31m^[39m
    [90m296| [39m      [34mexpect[39m(result)[33m.[39m[34mtoHaveProperty[39m([32m"owner"[39m)[33m;[39m
    [90m297| [39m      [34mexpect[39m(result[33m.[39mowner)[33m.[39m[34mtoMatch[39m([36m/^0x[a-fA-F0-9]{40}$/[39m)[33m;[39m

[31m[2m⎯⎯⎯⎯⎯⎯⎯⎯⎯⎯⎯⎯⎯⎯⎯⎯⎯⎯⎯⎯⎯⎯⎯[8/11]⎯[22m[39m

[41m[1m FAIL [22m[49m tests/n8n.test.ts[2m > [22mERC721 Resource[2m > [22mToken URI[2m > [22mshould return NFT token URI
[31m[1mSyntaxError[22m: Unexpected end of JSON input[39m
[36m [2m❯[22m tests/n8n.test.ts:[2m307:22[22m[39m
    [90m305| [39m      [34mexpect[39m(response[33m.[39mok)[33m.[39m[34mtoBe[39m([35mtrue[39m)[33m;[39m
    [90m306| [39m
    [90m307| [39m      [35mconst[39m result [33m=[39m [35mawait[39m response[33m.[39m[34mjson[39m()[33m;[39m
    [90m   | [39m                     [31m^[39m
    [90m308| [39m      [34mexpect[39m(result)[33m.[39m[34mtoHaveProperty[39m([32m"tokenURI"[39m)[33m;[39m
    [90m309| [39m    })[33m;[39m

[31m[2m⎯⎯⎯⎯⎯⎯⎯⎯⎯⎯⎯⎯⎯⎯⎯⎯⎯⎯⎯⎯⎯⎯⎯[9/11]⎯[22m[39m

[41m[1m FAIL [22m[49m tests/n8n.test.ts[2m > [22mERC1155 Resource[2m > [22mBalance Of[2m > [22mshould return ERC1155 token balance
[31m[1mSyntaxError[22m: Unexpected end of JSON input[39m
[36m [2m❯[22m tests/n8n.test.ts:[2m324:22[22m[39m
    [90m322| [39m      [34mexpect[39m(response[33m.[39mok)[33m.[39m[34mtoBe[39m([35mtrue[39m)[33m;[39m
    [90m323| [39m
    [90m324| [39m      [35mconst[39m result [33m=[39m [35mawait[39m response[33m.[39m[34mjson[39m()[33m;[39m
    [90m   | [39m                     [31m^[39m
    [90m325| [39m      [34mexpect[39m(result)[33m.[39m[34mtoHaveProperty[39m([32m"balance"[39m)[33m;[39m
    [90m326| [39m    })[33m;[39m

[31m[2m⎯⎯⎯⎯⎯⎯⎯⎯⎯⎯⎯⎯⎯⎯⎯⎯⎯⎯⎯⎯⎯⎯[10/11]⎯[22m[39m

[41m[1m FAIL [22m[49m tests/n8n.test.ts[2m > [22mERC1155 Resource[2m > [22mURI[2m > [22mshould return ERC1155 token URI
[31m[1mSyntaxError[22m: Unexpected end of JSON input[39m
[36m [2m❯[22m tests/n8n.test.ts:[2m335:22[22m[39m
    [90m333| [39m      [34mexpect[39m(response[33m.[39mok)[33m.[39m[34mtoBe[39m([35mtrue[39m)[33m;[39m
    [90m334| [39m
    [90m335| [39m      [35mconst[39m result [33m=[39m [35mawait[39m response[33m.[39m[34mjson[39m()[33m;[39m
    [90m   | [39m                     [31m^[39m
    [90m336| [39m      [34mexpect[39m(result)[33m.[39m[34mtoHaveProperty[39m([32m"uri"[39m)[33m;[39m
    [90m337| [39m    })[33m;[39m

[31m[2m⎯⎯⎯⎯⎯⎯⎯⎯⎯⎯⎯⎯⎯⎯⎯⎯⎯⎯⎯⎯⎯⎯[11/11]⎯[22m[39m


[2m Test Files [22m [1m[31m1 failed[39m[22m[90m (1)[39m
[2m      Tests [22m [1m[31m11 failed[39m[22m[2m | [22m[1m[32m22 passed[39m[22m[90m (33)[39m
[2m   Start at [22m 10:12:55
[2m   Duration [22m 28.24s[2m (transform 22ms, setup 0ms, import 43ms, tests 25.46s, environment 0ms)[22m

[1m[41m FAIL [49m[22m [31mTests failed. Watching for file changes...[39m
       [2mpress [22m[1mh[22m[2m to show help[22m[2m, [22m[2mpress [22m[1mq[22m[2m to quit[22m
